C:/TouchGFXProjects/MyApplication_3/Core/Src/main.c:758:16:hts221_write	2
C:/TouchGFXProjects/MyApplication_3/Core/Src/main.c:754:16:hts221_read	2
C:/TouchGFXProjects/MyApplication_3/Core/Src/main.c:771:6:StartDefaultTask	1
C:/TouchGFXProjects/MyApplication_3/Core/Src/main.c:71:7:linear_interpolation	1
C:/TouchGFXProjects/MyApplication_3/Core/Src/main.c:278:6:SystemClock_Config	1
C:/TouchGFXProjects/MyApplication_3/Core/Src/main.c:721:5:__io_putchar	4
C:/TouchGFXProjects/MyApplication_3/Core/Src/main.c:725:19:Init_HTS221	2
C:/TouchGFXProjects/MyApplication_3/Core/Src/main.c:150:5:main	7
C:/TouchGFXProjects/MyApplication_3/Core/Src/main.c:827:6:HAL_TIM_PeriodElapsedCallback	2
C:/TouchGFXProjects/MyApplication_3/Core/Src/main.c:844:6:Error_Handler	1
