../../Middlewares/ST/touchgfx/framework/include/touchgfx/Screen.hpp:104:18:virtual void touchgfx::Screen::afterTransition()	0	static
../../Middlewares/ST/touchgfx/framework/include/touchgfx/Screen.hpp:144:18:virtual void touchgfx::Screen::handleTickEvent()	0	static
../../Middlewares/ST/touchgfx/framework/include/touchgfx/Screen.hpp:154:18:virtual void touchgfx::Screen::handleKeyEvent(uint8_t)	0	static
C:/TouchGFXProjects/MyApplication_3/TouchGFX/gui/src/main_screen/MainView.cpp:14:6:virtual void MainView::tearDownScreen()	0	static
../../TouchGFX/gui/include/gui/main_screen/MainView.hpp:11:13:MainView::~MainView()	8	static
../../TouchGFX/gui/include/gui/main_screen/MainView.hpp:11:13:virtual MainView::~MainView()	8	static
C:/TouchGFXProjects/MyApplication_3/TouchGFX/gui/src/main_screen/MainView.cpp:4:1:MainView::MainView()	8	static
C:/TouchGFXProjects/MyApplication_3/TouchGFX/gui/src/main_screen/MainView.cpp:9:6:virtual void MainView::setupScreen()	0	static
C:/TouchGFXProjects/MyApplication_3/TouchGFX/gui/src/main_screen/MainView.cpp:18:6:virtual void MainView::buttonUpClicked()	8	static
C:/TouchGFXProjects/MyApplication_3/TouchGFX/gui/src/main_screen/MainView.cpp:28:6:virtual void MainView::buttonDownClicked()	8	static
