C:/TouchGFXProjects/MyApplication_3/Core/Src/main.c:979:6:StartTask04	3
C:/TouchGFXProjects/MyApplication_3/Core/Src/main.c:298:6:SystemClock_Config	1
C:/TouchGFXProjects/MyApplication_3/Core/Src/main.c:171:5:main	3
C:/TouchGFXProjects/MyApplication_3/Core/Src/main.c:932:5:__io_putchar	1
C:/TouchGFXProjects/MyApplication_3/Core/Src/main.c:936:5:Init_MsgQueue	1
C:/TouchGFXProjects/MyApplication_3/Core/Src/main.c:959:6:StartDefaultTask	1
C:/TouchGFXProjects/MyApplication_3/Core/Src/main.c:1074:6:HAL_TIM_PeriodElapsedCallback	2
C:/TouchGFXProjects/MyApplication_3/Core/Src/main.c:1091:6:Error_Handler	1
