C:/TouchGFXProjects/MyApplication_3/Core/Src/main.c:979:6:StartTask04	48	static
C:/TouchGFXProjects/MyApplication_3/Core/Src/main.c:298:6:SystemClock_Config	88	static
C:/TouchGFXProjects/MyApplication_3/Core/Src/main.c:171:5:main	128	static,ignoring_inline_asm
C:/TouchGFXProjects/MyApplication_3/Core/Src/main.c:932:5:__io_putchar	16	static
C:/TouchGFXProjects/MyApplication_3/Core/Src/main.c:936:5:Init_MsgQueue	8	static
C:/TouchGFXProjects/MyApplication_3/Core/Src/main.c:959:6:StartDefaultTask	8	static
C:/TouchGFXProjects/MyApplication_3/Core/Src/main.c:1074:6:HAL_TIM_PeriodElapsedCallback	0	static
C:/TouchGFXProjects/MyApplication_3/Core/Src/main.c:1091:6:Error_Handler	0	static
