../Application/User/Core/user_def_sensors.c:106:9:hts221_write	24	static
../Application/User/Core/user_def_sensors.c:114:9:hts221_read	24	static
../Application/User/Core/user_def_sensors.c:55:6:tx_com	0	static
../Application/User/Core/user_def_sensors.c:59:6:platform_delay	0	static
../Application/User/Core/user_def_sensors.c:64:6:SENSOR_hts221_Init	8	static
../Application/User/Core/user_def_sensors.c:122:7:linear_interpolation	0	static
../Application/User/Core/user_def_sensors.c:127:6:SENSOR_hts221_Start_Conversion	0	static
../Application/User/Core/user_def_sensors.c:131:6:SENSOR_hts221_Read_Data	8	static
../Application/User/Core/user_def_sensors.c:154:7:SENSOR_hts221_Data_temp	0	static
../Application/User/Core/user_def_sensors.c:158:7:SENSOR_hts221_Data_hum	0	static
../Application/User/Core/user_def_sensors.c:163:6:SENSOR_hts221_Add_Data	0	static
../Application/User/Core/user_def_sensors.c:171:7:calculateWindSpeed	8	static
